  Γû▓ Next.js 14.2.35
  - Environments: .env.local

   Creating an optimized production build ...
 Γ£ô Compiled successfully
   Linting and checking validity of types ...

./app/layout.js
23:9  Warning: Custom fonts not added in `pages/_document.js` will only load for a single page. This is discouraged. See: https://nextjs.org/docs/messages/no-page-custom-font  @next/next/no-page-custom-font

./components/ui/ImageGallery.js
10:11  Warning: Using `<img>` could result in slower LCP and higher bandwidth. Consider using `<Image />` from `next/image` to automatically optimize images. This may incur additional usage or cost from your provider. See: https://nextjs.org/docs/messages/no-img-element  @next/next/no-img-element

info  - Need to disable some ESLint rules? Learn more here: https://nextjs.org/docs/basic-features/eslint#disabling-rules
   Collecting page data ...
   Generating static pages (0/4) ...
   Generating static pages (1/4) 
   Generating static pages (2/4) 
   Generating static pages (3/4) 
 Γ£ô Generating static pages (4/4)
   Finalizing page optimization ...
   Collecting build traces ...


Redirects
Γöî source: /:path+/
Γö£ destination: /:path+
Γöö permanent: true


Route (app)                              Size     First Load JS
Γöî Γùï /                                    138 B          87.4 kB
Γöö Γùï /_not-found                          873 B          88.1 kB
+ First Load JS shared by all            87.2 kB
  Γö£ chunks/117-e5476d4bdcce692a.js       31.7 kB
  Γö£ chunks/fd9d1056-749e5812300142af.js  53.6 kB
  Γöö other shared chunks (total)          1.86 kB


Γùï  (Static)  prerendered as static content

